<?xml version="1.0" encoding="UTF-8"?>
<testsuites>
  <testsuite name="D:\projects\php\tina4php-env\tests" tests="1" assertions="5" errors="0" warnings="0" failures="0" skipped="0" time="0.006965">
    <testsuite name="EnvTest" file="D:\projects\php\tina4php-env\tests\EnvTest.php" tests="1" assertions="5" errors="0" warnings="0" failures="0" skipped="0" time="0.006965">
      <testcase name="testEnvValue" class="EnvTest" classname="EnvTest" file="D:\projects\php\tina4php-env\tests\EnvTest.php" line="9" assertions="5" time="0.006965"/>
    </testsuite>
  </testsuite>
</testsuites>
